------------------------------------------------------------
TimeQuest Timing Analyzer Summary
------------------------------------------------------------

Type  : Slow 1200mV 85C Model Setup 'VGA_Driver|pll_inst0|altpll_component|auto_generated|pll1|clk[0]'
Slack : 31.310
TNS   : 0.000

Type  : Slow 1200mV 85C Model Hold 'VGA_Driver|pll_inst0|altpll_component|auto_generated|pll1|clk[0]'
Slack : 0.359
TNS   : 0.000

Type  : Slow 1200mV 85C Model Minimum Pulse Width 'CLOCK_50'
Slack : 9.825
TNS   : 0.000

Type  : Slow 1200mV 85C Model Minimum Pulse Width 'VGA_Driver|pll_inst0|altpll_component|auto_generated|pll1|clk[0]'
Slack : 19.620
TNS   : 0.000

Type  : Slow 1200mV 0C Model Setup 'VGA_Driver|pll_inst0|altpll_component|auto_generated|pll1|clk[0]'
Slack : 32.085
TNS   : 0.000

Type  : Slow 1200mV 0C Model Hold 'VGA_Driver|pll_inst0|altpll_component|auto_generated|pll1|clk[0]'
Slack : 0.312
TNS   : 0.000

Type  : Slow 1200mV 0C Model Minimum Pulse Width 'CLOCK_50'
Slack : 9.785
TNS   : 0.000

Type  : Slow 1200mV 0C Model Minimum Pulse Width 'VGA_Driver|pll_inst0|altpll_component|auto_generated|pll1|clk[0]'
Slack : 19.612
TNS   : 0.000

Type  : Fast 1200mV 0C Model Setup 'VGA_Driver|pll_inst0|altpll_component|auto_generated|pll1|clk[0]'
Slack : 34.812
TNS   : 0.000

Type  : Fast 1200mV 0C Model Hold 'VGA_Driver|pll_inst0|altpll_component|auto_generated|pll1|clk[0]'
Slack : 0.188
TNS   : 0.000

Type  : Fast 1200mV 0C Model Minimum Pulse Width 'CLOCK_50'
Slack : 9.585
TNS   : 0.000

Type  : Fast 1200mV 0C Model Minimum Pulse Width 'VGA_Driver|pll_inst0|altpll_component|auto_generated|pll1|clk[0]'
Slack : 19.649
TNS   : 0.000

------------------------------------------------------------
